root@162-55-4-35:/var/www/nasiloldu# cat .env | grep DATABASE_URL
DATABASE_URL=postgresql://nasiloldu_user:Dijita1453LSJ@localhost:5432/nasiloldu
root@162-55-4-35:/var/www/nasiloldu# psql $DATABASE_URL < backupyeni.sql
SET
SET
SET
SET
SET
 set_config
------------

(1 row)

SET
SET
SET
SET
CREATE EXTENSION
ERROR:  must be owner of extension unaccent
SET
SET
ERROR:  relation "admins" already exists
ERROR:  role "neondb_owner" does not exist
ERROR:  relation "admins_id_seq" already exists
ERROR:  relation "categories" already exists
ERROR:  role "neondb_owner" does not exist
ERROR:  relation "categories_id_seq" already exists
ERROR:  relation "countries" already exists
ERROR:  role "neondb_owner" does not exist
ERROR:  relation "countries_id_seq" already exists
ERROR:  relation "death_causes" already exists
ERROR:  role "neondb_owner" does not exist
ERROR:  relation "death_causes_id_seq" already exists
ERROR:  relation "persons" already exists
ERROR:  role "neondb_owner" does not exist
ERROR:  relation "persons_id_seq" already exists
ERROR:  relation "professions" already exists
ERROR:  role "neondb_owner" does not exist
ERROR:  relation "professions_id_seq" already exists
ERROR:  duplicate key value violates unique constraint "admins_pkey"
DETAIL:  Key (id)=(1) already exists.
CONTEXT:  COPY admins, line 1
ERROR:  duplicate key value violates unique constraint "categories_pkey"
DETAIL:  Key (id)=(1) already exists.
CONTEXT:  COPY categories, line 1
ERROR:  duplicate key value violates unique constraint "countries_pkey"
DETAIL:  Key (id)=(1) already exists.
CONTEXT:  COPY countries, line 1
ERROR:  duplicate key value violates unique constraint "death_causes_pkey"
DETAIL:  Key (id)=(1) already exists.
CONTEXT:  COPY death_causes, line 1
ERROR:  duplicate key value violates unique constraint "persons_pkey"
DETAIL:  Key (id)=(2) already exists.
CONTEXT:  COPY persons, line 1
ERROR:  duplicate key value violates unique constraint "professions_pkey"
DETAIL:  Key (id)=(1) already exists.
CONTEXT:  COPY professions, line 1
 setval
--------
      1
(1 row)

 setval
--------
      4
(1 row)

 setval
--------
     45
(1 row)

 setval
--------
     62
(1 row)

 setval
--------
    238
(1 row)

 setval
--------
    161
(1 row)

ERROR:  multiple primary keys for table "admins" are not allowed
ERROR:  relation "admins_username_unique" already exists
ERROR:  multiple primary keys for table "categories" are not allowed
ERROR:  relation "categories_slug_unique" already exists
ERROR:  multiple primary keys for table "countries" are not allowed
ERROR:  relation "countries_qid_unique" already exists
ERROR:  relation "countries_slug_unique" already exists
ERROR:  multiple primary keys for table "death_causes" are not allowed
ERROR:  relation "death_causes_qid_unique" already exists
ERROR:  multiple primary keys for table "persons" are not allowed
ERROR:  relation "persons_qid_unique" already exists
ERROR:  relation "persons_slug_unique" already exists
ERROR:  multiple primary keys for table "professions" are not allowed
ERROR:  relation "professions_qid_unique" already exists
ERROR:  relation "professions_slug_unique" already exists
ERROR:  constraint "death_causes_category_id_categories_id_fk" for relation "death_causes" already exists
ERROR:  constraint "persons_category_id_categories_id_fk" for relation "persons" already exists
ERROR:  constraint "persons_country_id_countries_id_fk" for relation "persons" already exists
ERROR:  constraint "persons_death_cause_id_death_causes_id_fk" for relation "persons" already exists
ERROR:  constraint "persons_profession_id_professions_id_fk" for relation "persons" already exists
ERROR:  role "neon_superuser" does not exist
ERROR:  role "neon_superuser" does not exist
root@162-55-4-35:/var/www/nasiloldu# psql $DATABASE_URL -c "SELECT COUNT(*) FROM persons;"
 count
-------
   124
(1 row)

root@162-55-4-35:/var/www/nasiloldu# psql $DATABASE_URL -c "SELECT name, slug FROM persons ORDER BY id DESC LIMIT 5;"
           name            |           slug
---------------------------+---------------------------
 Turhan Feyzioğlu          | turhan-feyzioglu
 Cemal Madanoğlu           | cemal-madanoglu
 Şevket Süreyya Aydemir    | sevket-sureyya-aydemir
 Yakup Kadri Karaosmanoğlu | yakup-kadri-karaosmanoglu
 Halide Edib Adıvar        | halide-edib-adivar
(5 rows)

root@162-55-4-35:/var/www/nasiloldu# psql $DATABASE_URL -c "\dt"
               List of relations
 Schema |     Name     | Type  |     Owner
--------+--------------+-------+----------------
 public | admins       | table | nasiloldu_user
 public | categories   | table | nasiloldu_user
 public | countries    | table | nasiloldu_user
 public | death_causes | table | nasiloldu_user
 public | persons      | table | nasiloldu_user
 public | professions  | table | nasiloldu_user
(6 rows)
